
> android_device_manager@1.0.0 build
> vite build

[36mvite v7.3.1 [32mbuilding client environment for production...[36m[39m
transforming...
[32mÔ£ô[39m 6 modules transformed.
node.exe : 
[31mÔ£ù[39m Build 
failed in 126ms
En línea: 1 Carácter: 1
+ & "C:\Program 
Files\nodejs/node.exe" 
"C:\Program 
Files\nodejs/node_mo 
...
+ ~~~~~~~~~~~~~~~~~~~~~
~~~~~~~~~~~~~~~~~~~~~~~
~~~~~~~~~~~~~~~~~~~~~~~
~~
    + CategoryInfo     
         : NotSpecifi  
  ed: ([31mÔ£ù[39m   
  Build failed in 1    
26ms:String) [], R    
emoteException
    + FullyQualifiedEr 
   rorId : NativeComm  
  andError
 
[31merror during 
build:
[31m[@tailwindcss/vite
:generate:build] 
"./styles" is not 
exported under the 
condition "style" from 
package C:\Users\User\D
ownloads\PROYECTOS DE 
GOOGLE ANTIGRAVITY\andr
oid-device-manager\clie
nt\node_modules\sonner 
(see exports field in C
:\Users\User\Downloads\
PROYECTOS DE GOOGLE ANT
IGRAVITY\android-device
-manager\client\node_mo
dules\sonner\package.js
on)[31m
file: [36mC:/Users/Use
r/Downloads/PROYECTOS 
DE GOOGLE ANTIGRAVITY/a
ndroid-device-manager/c
lient/src/index.css[31
m
    at C:\Users\User\Do
wnloads\PROYECTOS DE 
GOOGLE ANTIGRAVITY\andr
oid-device-manager\clie
nt\node_modules\enhance
d-resolve\lib\ExportsFi
eldPlugin.js:123:7
    at Hook.eval [as 
callAsync] (eval at 
create (C:\Users\User\D
ownloads\PROYECTOS DE 
GOOGLE ANTIGRAVITY\andr
oid-device-manager\clie
nt\node_modules\tapable
\lib\HookCodeFactory.js
:31:10), 
<anonymous>:22:1)
    at 
Resolver.doResolve (C:\
Users\User\Downloads\PR
OYECTOS DE GOOGLE ANTIG
RAVITY\android-device-m
anager\client\node_modu
les\enhanced-resolve\li
b\Resolver.js:736:16)
    at C:\Users\User\Do
wnloads\PROYECTOS DE 
GOOGLE ANTIGRAVITY\andr
oid-device-manager\clie
nt\node_modules\enhance
d-resolve\lib\Descripti
onFilePlugin.js:80:17
    at C:\Users\User\Do
wnloads\PROYECTOS DE 
GOOGLE ANTIGRAVITY\andr
oid-device-manager\clie
nt\node_modules\enhance
d-resolve\lib\Descripti
onFileUtils.js:161:24
    at C:\Users\User\Do
wnloads\PROYECTOS DE 
GOOGLE ANTIGRAVITY\andr
oid-device-manager\clie
nt\node_modules\enhance
d-resolve\lib\forEachBa
il.js:39:13
    at onJson (C:\Users
\User\Downloads\PROYECT
OS DE GOOGLE ANTIGRAVIT
Y\android-device-manage
r\client\node_modules\e
nhanced-resolve\lib\Des
criptionFileUtils.js:96
:6)
    at C:\Users\User\Do
wnloads\PROYECTOS DE 
GOOGLE ANTIGRAVITY\andr
oid-device-manager\clie
nt\node_modules\enhance
d-resolve\lib\Descripti
onFileUtils.js:123:7
    at SyncAsyncFileSys
temDecorator.readJson (
C:\Users\User\Downloads
\PROYECTOS DE GOOGLE AN
TIGRAVITY\android-devic
e-manager\client\node_m
odules\enhanced-resolve
\lib\SyncAsyncFileSyste
mDecorator.js:204:6)
    at C:\Users\User\Do
wnloads\PROYECTOS DE 
GOOGLE ANTIGRAVITY\andr
oid-device-manager\clie
nt\node_modules\enhance
d-resolve\lib\Descripti
onFileUtils.js:104:26[
39m
