src/components/Map.tsx(89,29): error TS2339: Property 'env' does not exist on type 'ImportMeta'.
src/components/Map.tsx(91,15): error TS2339: Property 'env' does not exist on type 'ImportMeta'.
src/const.ts(6,32): error TS2339: Property 'env' does not exist on type 'ImportMeta'.
src/lib/trpc.ts(11,26): error TS2339: Property 'env' does not exist on type 'ImportMeta'.
src/lib/trpc.ts(16,22): error TS2339: Property 'env' does not exist on type 'ImportMeta'.
src/pages/DeviceMap.tsx(60,66): error TS2339: Property 'googleMaps' does not exist on type 'CreateTRPCReactBase<BuiltRouter<{ ctx: { req: Request<ParamsDictionary, any, any, ParsedQs, Record<string, any>>; res: Response<any, Record<string, any>>; user: { ...; } | null; }; meta: object; errorShape: DefaultErrorShape; transformer: true; }, DecorateCreateRouterOptions<...>>, unknown> & DecorateRouterRecord<...>'.
src/pages/DeviceMap.tsx(74,38): error TS2339: Property 'googleMaps' does not exist on type 'CreateTRPCReactBase<BuiltRouter<{ ctx: { req: Request<ParamsDictionary, any, any, ParsedQs, Record<string, any>>; res: Response<any, Record<string, any>>; user: { ...; } | null; }; meta: object; errorShape: DefaultErrorShape; transformer: true; }, DecorateCreateRouterOptions<...>>, unknown> & DecorateRouterRecord<...>'.
src/pages/DeviceMap.tsx(84,36): error TS2339: Property 'googleMaps' does not exist on type 'CreateTRPCReactBase<BuiltRouter<{ ctx: { req: Request<ParamsDictionary, any, any, ParsedQs, Record<string, any>>; res: Response<any, Record<string, any>>; user: { ...; } | null; }; meta: object; errorShape: DefaultErrorShape; transformer: true; }, DecorateCreateRouterOptions<...>>, unknown> & DecorateRouterRecord<...>'.
src/pages/DeviceMap.tsx(480,18): error TS18048: 'deviceLocations.devices.length' is possibly 'undefined'.
src/pages/DeviceMap.tsx(481,19): error TS18048: 'deviceLocations' is possibly 'undefined'.
src/pages/DeviceMap.tsx(557,19): error TS18048: 'geofenceEvents' is possibly 'undefined'.
src/pages/DeviceMonitoring.tsx(229,86): error TS2339: Property 'signalStrength' does not exist on type '{ id: number; deviceId: string; deviceName: string; manufacturer: string | null; model: string | null; androidVersion: string | null; imei: string | null; phoneNumber: string | null; ... 9 more ...; updatedAt: Date; }'.
src/pages/Devices.tsx(44,53): error TS2339: Property 'getMyDevices' does not exist on type 'DecorateRouterRecord<{ ctx: { req: Request<ParamsDictionary, any, any, ParsedQs, Record<string, any>>; res: Response<any, Record<string, any>>; user: { ...; } | null; }; meta: object; errorShape: DefaultErrorShape; transformer: true; }, DecorateCreateRouterOptions<...>>'.
src/pages/Devices.tsx(45,39): error TS2339: Property 'register' does not exist on type 'DecorateRouterRecord<{ ctx: { req: Request<ParamsDictionary, any, any, ParsedQs, Record<string, any>>; res: Response<any, Record<string, any>>; user: { ...; } | null; }; meta: object; errorShape: DefaultErrorShape; transformer: true; }, DecorateCreateRouterOptions<...>>'.
src/pages/Devices.tsx(57,15): error TS7006: Parameter 'error' implicitly has an 'any' type.
src/pages/Devices.tsx(62,37): error TS2339: Property 'remove' does not exist on type 'DecorateRouterRecord<{ ctx: { req: Request<ParamsDictionary, any, any, ParsedQs, Record<string, any>>; res: Response<any, Record<string, any>>; user: { ...; } | null; }; meta: object; errorShape: DefaultErrorShape; transformer: true; }, DecorateCreateRouterOptions<...>>'.
src/pages/Devices.tsx(66,15): error TS7006: Parameter 'error' implicitly has an 'any' type.
src/pages/Devices.tsx(81,6): error TS7006: Parameter 'device' implicitly has an 'any' type.
src/pages/Devices.tsx(220,39): error TS7006: Parameter 'device' implicitly has an 'any' type.
src/pages/Devices.tsx(325,37): error TS7006: Parameter 'd' implicitly has an 'any' type.
src/pages/Devices.tsx(336,37): error TS7006: Parameter 'd' implicitly has an 'any' type.
src/pages/Home.tsx(11,3): error TS2304: Cannot find name 'useEffect'.
src/pages/PermissionsManagement.tsx(22,41): error TS2339: Property 'granularPermissions' does not exist on type 'CreateTRPCReactBase<BuiltRouter<{ ctx: { req: Request<ParamsDictionary, any, any, ParsedQs, Record<string, any>>; res: Response<any, Record<string, any>>; user: { ...; } | null; }; meta: object; errorShape: DefaultErrorShape; transformer: true; }, DecorateCreateRouterOptions<...>>, unknown> & DecorateRouterRecord<...>'.
src/pages/PermissionsManagement.tsx(25,34): error TS2339: Property 'granularPermissions' does not exist on type 'CreateTRPCReactBase<BuiltRouter<{ ctx: { req: Request<ParamsDictionary, any, any, ParsedQs, Record<string, any>>; res: Response<any, Record<string, any>>; user: { ...; } | null; }; meta: object; errorShape: DefaultErrorShape; transformer: true; }, DecorateCreateRouterOptions<...>>, unknown> & DecorateRouterRecord<...>'.
src/pages/PermissionsManagement.tsx(26,37): error TS2339: Property 'granularPermissions' does not exist on type 'CreateTRPCReactBase<BuiltRouter<{ ctx: { req: Request<ParamsDictionary, any, any, ParsedQs, Record<string, any>>; res: Response<any, Record<string, any>>; user: { ...; } | null; }; meta: object; errorShape: DefaultErrorShape; transformer: true; }, DecorateCreateRouterOptions<...>>, unknown> & DecorateRouterRecord<...>'.
src/pages/PermissionsManagement.tsx(27,42): error TS2339: Property 'granularPermissions' does not exist on type 'CreateTRPCReactBase<BuiltRouter<{ ctx: { req: Request<ParamsDictionary, any, any, ParsedQs, Record<string, any>>; res: Response<any, Record<string, any>>; user: { ...; } | null; }; meta: object; errorShape: DefaultErrorShape; transformer: true; }, DecorateCreateRouterOptions<...>>, unknown> & DecorateRouterRecord<...>'.
src/pages/PermissionsManagement.tsx(31,43): error TS2339: Property 'granularPermissions' does not exist on type 'CreateTRPCReactBase<BuiltRouter<{ ctx: { req: Request<ParamsDictionary, any, any, ParsedQs, Record<string, any>>; res: Response<any, Record<string, any>>; user: { ...; } | null; }; meta: object; errorShape: DefaultErrorShape; transformer: true; }, DecorateCreateRouterOptions<...>>, unknown> & DecorateRouterRecord<...>'.
src/pages/PermissionsManagement.tsx(37,41): error TS2339: Property 'granularPermissions' does not exist on type 'CreateTRPCReactBase<BuiltRouter<{ ctx: { req: Request<ParamsDictionary, any, any, ParsedQs, Record<string, any>>; res: Response<any, Record<string, any>>; user: { ...; } | null; }; meta: object; errorShape: DefaultErrorShape; transformer: true; }, DecorateCreateRouterOptions<...>>, unknown> & DecorateRouterRecord<...>'.
src/pages/PermissionsManagement.tsx(46,41): error TS2339: Property 'granularPermissions' does not exist on type 'CreateTRPCReactBase<BuiltRouter<{ ctx: { req: Request<ParamsDictionary, any, any, ParsedQs, Record<string, any>>; res: Response<any, Record<string, any>>; user: { ...; } | null; }; meta: object; errorShape: DefaultErrorShape; transformer: true; }, DecorateCreateRouterOptions<...>>, unknown> & DecorateRouterRecord<...>'.
src/pages/PermissionsManagement.tsx(55,37): error TS2339: Property 'granularPermissions' does not exist on type 'CreateTRPCReactBase<BuiltRouter<{ ctx: { req: Request<ParamsDictionary, any, any, ParsedQs, Record<string, any>>; res: Response<any, Record<string, any>>; user: { ...; } | null; }; meta: object; errorShape: DefaultErrorShape; transformer: true; }, DecorateCreateRouterOptions<...>>, unknown> & DecorateRouterRecord<...>'.
src/pages/PermissionsManagement.tsx(64,41): error TS2339: Property 'granularPermissions' does not exist on type 'CreateTRPCReactBase<BuiltRouter<{ ctx: { req: Request<ParamsDictionary, any, any, ParsedQs, Record<string, any>>; res: Response<any, Record<string, any>>; user: { ...; } | null; }; meta: object; errorShape: DefaultErrorShape; transformer: true; }, DecorateCreateRouterOptions<...>>, unknown> & DecorateRouterRecord<...>'.
src/pages/PermissionsManagement.tsx(74,47): error TS2339: Property 'granularPermissions' does not exist on type 'CreateTRPCReactBase<BuiltRouter<{ ctx: { req: Request<ParamsDictionary, any, any, ParsedQs, Record<string, any>>; res: Response<any, Record<string, any>>; user: { ...; } | null; }; meta: object; errorShape: DefaultErrorShape; transformer: true; }, DecorateCreateRouterOptions<...>>, unknown> & DecorateRouterRecord<...>'.
src/pages/PermissionsManagement.tsx(214,26): error TS2304: Cannot find name 'Zap'.
src/pages/PermissionsManagement.tsx(284,51): error TS7006: Parameter 'perm' implicitly has an 'any' type.
src/pages/PermissionsManagement.tsx(285,76): error TS7006: Parameter 'p' implicitly has an 'any' type.
src/pages/PermissionsManagement.tsx(366,57): error TS7006: Parameter 'perm' implicitly has an 'any' type.
src/pages/PermissionsManagement.tsx(426,33): error TS7006: Parameter 'category' implicitly has an 'any' type.
src/pages/PermissionsManagement.tsx(437,48): error TS7006: Parameter 'perm' implicitly has an 'any' type.
src/pages/PermissionsManagement.tsx(454,30): error TS7006: Parameter 'preset' implicitly has an 'any' type.
src/pages/PermissionsManagement.tsx(459,26): error TS2304: Cannot find name 'Zap'.
src/pages/PermissionsManagement.tsx(467,48): error TS7006: Parameter 'perm' implicitly has an 'any' type.
src/pages/PermissionsManagement.tsx(485,66): error TS7006: Parameter 'u' implicitly has an 'any' type.
../server/_core/cookies.ts(8,15): error TS1355: A 'const' assertions can only be applied to references to enum members, or string, number, boolean, array, or object literals.
../server/db.ts(67,36): error TS2339: Property 'ownerOpenId' does not exist on type '{ GOOGLE_CLIENT_ID: string | undefined; GOOGLE_CLIENT_SECRET: string | undefined; DATABASE_URL: string | undefined; NODE_ENV: string; FRONTEND_URL: string; oAuthServerUrl: string; cookieSecret: string; appId: string; }'.
../server/twoFactorAuth.ts(1,23): error TS7016: Could not find a declaration file for module 'speakeasy'. 'C:/Users/User/Downloads/PROYECTOS DE GOOGLE ANTIGRAVITY/android-device-manager/node_modules/speakeasy/index.js' implicitly has an 'any' type.
  Try `npm i --save-dev @types/speakeasy` if it exists or add a new declaration (.d.ts) file containing `declare module 'speakeasy';`
../server/twoFactorAuth.ts(2,20): error TS7016: Could not find a declaration file for module 'qrcode'. 'C:/Users/User/Downloads/PROYECTOS DE GOOGLE ANTIGRAVITY/android-device-manager/node_modules/qrcode/lib/index.js' implicitly has an 'any' type.
  Try `npm i --save-dev @types/qrcode` if it exists or add a new declaration (.d.ts) file containing `declare module 'qrcode';`
